STM32F103C6_EXTI_Driver.c:25:6:Enable_NVIC	16	static
STM32F103C6_EXTI_Driver.c:66:6:Disable_NVIC	16	static
STM32F103C6_EXTI_Driver.c:108:6:Update_EXTI	24	static
STM32F103C6_EXTI_Driver.c:174:6:MCAL_EXTI_GPIO_Deinit	4	static
STM32F103C6_EXTI_Driver.c:203:6:MCAL_EXTI_GPIO_Init	16	static
STM32F103C6_EXTI_Driver.c:218:6:MCAL_EXTI_GPIO_Update	16	static
STM32F103C6_EXTI_Driver.c:227:6:EXTI0_IRQHandler	8	static
STM32F103C6_EXTI_Driver.c:233:6:EXTI1_IRQHandler	8	static
STM32F103C6_EXTI_Driver.c:239:6:EXTI2_IRQHandler	8	static
STM32F103C6_EXTI_Driver.c:245:6:EXTI3_IRQHandler	8	static
STM32F103C6_EXTI_Driver.c:250:6:EXTI4_IRQHandler	8	static
STM32F103C6_EXTI_Driver.c:256:6:EXTI5_9_IRQHandler	8	static
STM32F103C6_EXTI_Driver.c:265:6:EXTI10_15_IRQHandler	8	static
